telnet 10.100.12.43
Trying 10.100.12.43...
Connected to 10.100.12.43.
Escape character is '^]'.
Ubuntu 10.04.4 LTS
ubuntu login: co16145
Password: 
Last login: Mon Aug 20 14:33:30 IST 2018 from 10.52.15.182 on pts/39
Linux ubuntu 2.6.32-33-server #72-Ubuntu SMP Fri Jul 29 21:21:55 UTC 2011 x86_64 GNU/Linux
Ubuntu 10.04.4 LTS

Welcome to the Ubuntu Server!
 * Documentation:  http://www.ubuntu.com/server/doc

Your CPU appears to be lacking expected security protections.
Please check your BIOS settings, or for more information, run:
  /usr/bin/check-bios-nx --verbose

  System information as of Mon Aug 27 14:08:33 IST 2018

  System load:  0.01               Processes:             206
  Usage of /:   7.1% of 134.58GB   Users logged in:       13
  Memory usage: 18%                IP address for eth0:   10.100.12.43
  Swap usage:   0%                 IP address for virbr0: 192.168.122.1

  Graph this data and manage this system at https://landscape.canonical.com/

New release 'precise' available.
Run 'do-release-upgrade' to upgrade to it.

$ s
-sh: s: not found
$ ls
$ clear

$ mysql
ERROR 1045 (28000): Access denied for user 'co16145'@'localhost' (using password: NO)
$ bash    
co16145@ubuntu:~$ clear



















co16145@ubuntu:~$ ls
co16145@ubuntu:~$ musql -p
No command 'musql' found, did you mean:
 Command 'mysql' from package 'mysql-cluster-client-5.1' (universe)
 Command 'mysql' from package 'mysql-client-core-5.1' (main)
 Command 'mysql' from package 'mysql-client-5.0' (universe)
 Command 'iusql' from package 'unixodbc' (main)
musql: command not found
co16145@ubuntu:~$ mysql
mysql                       mysqlhotcopy
mysqlaccess                 mysqlimport
mysqladmin                  mysql_install_db
mysqlanalyze                mysqlmanager
mysqlbinlog                 mysqloptimize
mysqlbug                    mysqlrepair
mysqlcheck                  mysqlreport
mysql_client_test           mysql_secure_installation
mysql_client_test_embedded  mysql_setpermission
mysql_convert_table_format  mysqlshow
mysqld                      mysqlslap
mysqld_multi                mysqltest
mysqld_safe                 mysqltest_embedded
mysqldump                   mysql_tzinfo_to_sql
mysqldumpslow               mysql_upgrade
mysql_find_rows             mysql_waitpid
mysql_fix_extensions        mysql_zap
mysql_fix_privilege_tables  
co16145@ubuntu:~$ mysql -p 
Enter password: 
ERROR 1045 (28000): Access denied for user 'co16145'@'localhost' (using password: YES)
co16145@ubuntu:~$ clear

co16145@ubuntu:~$ mysql -u root -p
Enter password: 
ERROR 1045 (28000): Access denied for user 'root'@'localhost' (using password: YES)
co16145@ubuntu:~$ mysql -u root -p
Enter password: 
ERROR 1045 (28000): Access denied for user 'root'@'localhost' (using password: YES)
co16145@ubuntu:~$ mysql -u root -p
Enter password: 
ERROR 1045 (28000): Access denied for user 'root'@'localhost' (using password: YES)
co16145@ubuntu:~$ cls
No command 'cls' found, but there are 19 similar ones
cls: command not found
co16145@ubuntu:~$ clear








co16145@ubuntu:~$ mysql -u 16co145 -p
Enter password: 
Welcome to the MySQL monitor.  Commands end with ; or \g.
Your MySQL connection id is 3960
Server version: 5.1.73-0ubuntu0.10.04.1 (Ubuntu)

Copyright (c) 2000, 2013, Oracle and/or its affiliates. All rights reserved.

Oracle is a registered trademark of Oracle Corporation and/or its
affiliates. Other names may be trademarks of their respective
owners.

Type 'help;' or '\h' for help. Type '\c' to clear the current input statement.

mysql> CREATE TABLE customers(CID: int(10), cname: varchar(25), age: int(3), address: varchar(200), city: varchar(20), postal_code: varchar(10), gender: varchar(2), country: varchar(20));
ERROR 1046 (3D000): No database selected
mysql> use database 16co145
ERROR 1044 (42000): Access denied for user '16co145'@'localhost' to database 'database'
mysql> USE DATABASE 16co145
ERROR 1044 (42000): Access denied for user '16co145'@'localhost' to database 'DATABASE'
mysql> USE 16co145
Reading table information for completion of table and column names
You can turn off this feature to get a quicker startup with -A

Database changed
mysql> CREATE TABLE customers(CID: int(10), cname: varchar(25), age: int(3), address: varchar(200), city: varchar(20), postal_code: varchar(10), gender: varchar(2), country: varchar(20));
ERROR 1064 (42000): You have an error in your SQL syntax; check the manual that corresponds to your MySQL server version for the right syntax to use near ': int(10), cname: varchar(25), age: int(3), address: varchar(200), city: varchar' at line 1
mysql> CREATE TABLE customers(CID int(10), cname varchar(25), age int(3), address varchar(200), city varchar(20), postal_code varchar(10), gender varchar(2), country varchar(20));
Query OK, 0 rows affected (0.06 sec)

mysql> ALTER TABLE customers(CID int(10) PRIMARY KEY, cname varchar(25) NOT NULL, age int(3) NOT NULL, address varchar(200) NOT NULL, city varchar(20), postal_code varchar(10), gender varchar(2), country varchar(20));
ERROR 1064 (42000): You have an error in your SQL syntax; check the manual that corresponds to your MySQL server version for the right syntax to use near '(CID int(10) PRIMARY KEY, cname varchar(25) NOT Nmysql> ALTER TABLE customers(CID int(10) PRIMARY KEY, cname varchar(25) NOT NULL, age int(3) NOT NULL, address varchar(200) NOT NULL, city varchar(20), postal_code varchar(10), gender varchar(2), country varchar(20));
ERROR 1064 (42000): You have an error in your SQL syntax; check the manual that corresponds to your MySQL server version for the right syntax to use near '(CID int(10) PRIMARY KEY, cname varchar(25) NOT NULL, age int(3) NOT NULL, addre' at line 1
mysql> ALTER TABLE customers
    -> CID int(10) PRIMARY KEY;
ERROR 1064 (42000): You have an error in your SQL syntax; check the manual that corresponds to your MySQL server version for the right syntax to use near 'CID int(10) PRIMARY KEY' at line 2
mysql> ALTER TABLE customers
    -> ADD constraint CID PRIMARY KEY;
ERROR 1064 (42000): You have an error in your SQL syntax; check the manual that corresponds to your MySQL server version for the right syntax to use near '' at line 2
mysql> ALTER TABLE customers ADD PRIMARY KEY CID;
ERROR 1064 (42000): You have an error in your SQL syntax; check the manual that corresponds to your MySQL server version for the right syntax to use near '' at line 1
mysql> ALTER TABLE customers ADD PRIMARY KEY(CID);
Query OK, 0 rows affected (0.05 sec)
Records: 0  Duplicates: 0  Warnings: 0

mysql> show customers
    -> l;
ERROR 1064 (42000): You have an error in your SQL syntax; check the manual that corresponds to your MySQL server version for the right syntax to use near 'customers
l' at line 1
mysql> show customers;
ERROR 1064 (42000): You have an error in your SQL syntax; check the manual that corresponds to your MySQL server version for the right syntax to use near 'customers' at line 1
mysql> select * from customers
    -> ;
Empty set (0.00 sec)

mysql> desc customers
    -> ;
+-------------+--------------+------+-----+---------+-------+
| Field       | Type         | Null | Key | Default | Extra |
+-------------+--------------+------+-----+---------+-------+
| CID         | int(10)      | NO   | PRI | 0       |       |
| cname       | varchar(25)  | YES  |     | NULL    |       |
| age         | int(3)       | YES  |     | NULL    |       |
| address     | varchar(200) | YES  |     | NULL    |       |
| city        | varchar(20)  | YES  |     | NULL    |       |
| postal_code | varchar(10)  | YES  |     | NULL    |       |
| gender      | varchar(2)   | YES  |     | NULL    |       |
| country     | varchar(20)  | YES  |     | NULL    |       |
+-------------+--------------+------+-----+---------+-------+
8 rows in set (0.00 sec)

mysql> ALTER TABLE customers ADD NOT NULL(cname);
ERROR 1064 (42000): You have an error in your SQL syntax; check the manual that corresponds to your MySQL server version for the right syntax to use near 'NOT NULL(cname)' at line 1
mysql> ALTER TABLE customers MODIFY cname varchar(25) NOT NULL;
Query OK, 0 rows affected (0.04 sec)
Records: 0  Duplicates: 0  Warnings: 0

mysql> ALTER TABLE customers MODIFY age varchar(25) NOT NULL;
Query OK, 0 rows affected (0.03 sec)
Records: 0  Duplicates: 0  Warnings: 0

mysql> ALTER TABLE customers MODIFY address varchar(25) NOT NULL;
Query OK, 0 rows affected (0.05 sec)
Records: 0  Duplicates: 0  Warnings: 0

mysql> desc customers
    -> ;
+-------------+-------------+------+-----+---------+-------+
| Field       | Type        | Null | Key | Default | Extra |
+-------------+-------------+------+-----+---------+-------+
| CID         | int(10)     | NO   | PRI | 0       |       |
| cname       | varchar(25) | NO   |     | NULL    |       |
| age         | varchar(25) | NO   |     | NULL    |       |
| address     | varchar(25) | NO   |     | NULL    |       |
| city        | varchar(20) | YES  |     | NULL    |       |
| postal_code | varchar(10) | YES  |     | NULL    |       |
| gender      | varchar(2)  | YES  |     | NULL    |       |
| country     | varchar(20) | YES  |     | NULL    |       |
+-------------+-------------+------+-----+---------+-------+
8 rows in set (0.00 sec)

mysql> insert into customers ("123","Mr123PQ","34","blablfriurh
    "> 
    "> 
    "> ^CCtrl-C -- exit!
Aborted
co16145@ubuntu:~$ mysql
ERROR 1045 (28000): Access denied for user 'co16145'@'localhost' (using password: NO)
co16145@ubuntu:~$ mysql -u 16co145 -p
Enter password: 
Welcome to the MySQL monitor.  Commands end with ; or \g.
Your MySQL connection id is 3999
Server version: 5.1.73-0ubuntu0.10.04.1 (Ubuntu)

Copyright (c) 2000, 2013, Oracle and/or its affiliates. All rights reserved.

Oracle is a registered trademark of Oracle Corporation and/or its
affiliates. Other names may be trademarks of their respective
owners.

Type 'help;' or '\h' for help. Type '\c' to clear the current input statement.

mysql> insert into customers ("123","Mr123PQ","34","#12,blahblahroad","BANANA LAND","134413","M","family");
ERROR 1046 (3D000): No database selected
mysql> use customers;
ERROR 1044 (42000): Access denied for user '16co145'@'localhost' to database 'customers'
mysql> USE customers;
ERROR 1044 (42000): Access denied for user '16co145'@'localhost' to database 'customers'
mysql> USE 16co145;
Reading table information for completion of table and column names
You can turn off this feature to get a quicker startup with -A

Database changed
mysql> insert into customers ("123","Mr123PQ","34","#12,blahblahroad","BANANA LAND","134413","M","family");
ERROR 1064 (42000): You have an error in your SQL syntax; check the manual that corresponds to your MySQL server version for the right syntax to use near '"123","Mr123PQ","34","#12,blahblahroad","BANANA LAND","134413","M","family")' at line 1
mysql> desc customers;
+-------------+-------------+------+-----+---------+-------+
| Field       | Type        | Null | Key | Default | Extra |
+-------------+-------------+------+-----+---------+-------+
| CID         | int(10)     | NO   | PRI | 0       |       |
| cname       | varchar(25) | NO   |     | NULL    |       |
| age         | varchar(25) | NO   |     | NULL    |       |
| address     | varchar(25) | NO   |     | NULL    |       |
| city        | varchar(20) | YES  |     | NULL    |       |
| postal_code | varchar(10) | YES  |     | NULL    |       |
| gender      | varchar(2)  | YES  |     | NULL    |       |
| country     | varchar(20) | YES  |     | NULL    |       |
+-------------+-------------+------+-----+---------+-------+
8 rows in set (0.00 sec)

mysql> insert into customers ("123","Mr123PQ","34","12,blahblahroad","BANANA LAND","134413","M","family");
ERROR 1064 (42000): You have an error in your SQL syntax; check the manual that corresponds to your MySQL server version for the right syntax to use near '"123","Mr123PQ","34","12,blahblahroad","BANANA LAND","134413","M","family")' at line 1
mysql> insert into customers ("123","Mr123PQ","34","12blahblahroad","BANANA LAND","134413","M","family");
ERROR 1064 (42000): You have an error in your SQL syntax; check the manual that corresponds to your MySQL server version for the right syntax to use near '"123","Mr123PQ","34","12blahblahroad","BANANA LAND","134413","M","family")' at line 1
mysql> insert into customers ("123",
    -> "Mr123PQ",
    -> "34",
    -> "12blahblahroad",
    -> "BANANA LAND",
    -> "134413",
    -> "M",
    -> "family");
ERROR 1064 (42000): You have an error in your SQL syntax; check the manual that corresponds to your MySQL server version for the right syntax to use near '"123",
"Mr123PQ",
"34",
"12blahblahroad",
"BANANA LAND",
"134413",
"M",
"family"' at line 1
mysql> insert into customers values("123", "Mr123PQ", "34", "12blahblahroad", "BANANA LAND", "134413", "M", "family");
Query OK, 1 row affected (0.00 sec)

mysql> insert into customers values("1123", "Mr124PR", "314", "#14blahroad", "APPLE LAND", "1313", "M", "INDIA");
Query OK, 1 row affected (0.00 sec)

mysql> insert into customers values("1123", "Ms098X", "28", "#190blahblueroad", "GREEN APPLE LAND", "180812", "F", "INDIA");
ERROR 1062 (23000): Duplicate entry '1123' for key 'PRIMARY'
mysql> insert into customers values("112", "Ms098X", "28", "#190blahblueroad", "GREEN APPLE LAND", "180812", "F", "INDIA");
Query OK, 1 row affected (0.00 sec)

mysql> insert into customers values("3213", "Mrs0921Y", "45", "#901blahgreenblueroad", "GREEN PINEAPPLE LAND", "180901", "F", "INDIA");
Query OK, 1 row affected (0.00 sec)

mysql> insert into customers values("9213", "Mrs159R", "45", "#901yellowgreenblueroad", "GREEN PEN PINEAPPLE LAND", "890911", "F", "INDIA");
Query OK, 1 row affected, 1 warning (0.00 sec)

mysql> insert into customers values("7812", "Mr15G", "32", "#901yellowgreenblueroad", "GREEN PEN PINEAPPLE APPLE LAND", "102312", "M", "INDIA");
Query OK, 1 row affected, 1 warning (0.00 sec)

mysql> insert into customers values("9011", "Mr12342S", "20", "#891thirdlaneroad", "PURPLE PEN PINEAPPLE APPLE PEN ", "901231", "M", "USA");
Query OK, 1 row affected, 1 warning (0.00 sec)

mysql> select * from customers
    -> ;
+------+----------+-----+-------------------------+----------------------+-------------+--------+---------+
| CID  | cname    | age | address                 | city                 | postal_code | gender | country |
+------+----------+-----+-------------------------+----------------------+-------------+--------+---------+
|  123 | Mr123PQ  | 34  | 12blahblahroad          | BANANA LAND          | 134413      | M      | family  |
| 1123 | Mr124PR  | 314 | #14blahroad             | APPLE LAND           | 1313        | M      | INDIA   |
|  112 | Ms098X   | 28  | #190blahblueroad        | GREEN APPLE LAND     | 180812      | F      | INDIA   |
| 3213 | Mrs0921Y | 45  | #901blahgreenblueroad   | GREEN PINEAPPLE LAND | 180901      | F      | INDIA   |
| 9213 | Mrs159R  | 45  | #901yellowgreenblueroad | GREEN PEN PINEAPPLE  | 890911      | F      | INDIA   |
| 7812 | Mr15G    | 32  | #901yellowgreenblueroad | GREEN PEN PINEAPPLE  | 102312      | M      | INDIA   |
| 9011 | Mr12342S | 20  | #891thirdlaneroad       | PURPLE PEN PINEAPPLE | 901231      | M      | USA     |
+------+----------+-----+-------------------------+----------------------+-------------+--------+---------+
7 rows in set (0.00 sec)

mysql> insert into customers values("134211", "MrBLUEFRIEND", "29", "#771HAPPYREIGN", "STRANGE ORANGE LAND", "781431", "M", "USA");
Query OK, 1 row affected (0.00 sec)

mysql> insert into customers values("134211", "29", "#771HAPPYREIGN", "STRANGE ALIEN AREA", "78411", "M", "USA");
ERROR 1136 (21S01): Column count doesn't match value count at row 1
mysql> insert into customers values("134211", "","29", "#771HAPPYREIGN", "STRANGE ALIEN AREA", "78411", "M", "USA");
ERROR 1062 (23000): Duplicate entry '134211' for key 'PRIMARY'
mysql> insert into customers values("131231", "","29", "#771HAPPYREIGN", "STRANGE ALIEN AREA", "78411", "M", "USA");
Query OK, 1 row affected (0.00 sec)

mysql> SELECT * FROM customers
    -> ;
+--------+--------------+-----+-------------------------+----------------------+-------------+--------+---------+
| CID    | cname        | age | address                 | city                 | postal_code | gender | country |
+--------+--------------+-----+-------------------------+----------------------+-------------+--------+---------+
|    123 | Mr123PQ      | 34  | 12blahblahroad          | BANANA LAND          | 134413      | M      | family  |
|   1123 | Mr124PR      | 314 | #14blahroad             | APPLE LAND           | 1313        | M      | INDIA   |
|    112 | Ms098X       | 28  | #190blahblueroad        | GREEN APPLE LAND     | 180812      | F      | INDIA   |
|   3213 | Mrs0921Y     | 45  | #901blahgreenblueroad   | GREEN PINEAPPLE LAND | 180901      | F      | INDIA   |
|   9213 | Mrs159R      | 45  | #901yellowgreenblueroad | GREEN PEN PINEAPPLE  | 890911      | F      | INDIA   |
|   7812 | Mr15G        | 32  | #901yellowgreenblueroad | GREEN PEN PINEAPPLE  | 102312      | M      | INDIA   |
|   9011 | Mr12342S     | 20  | #891thirdlaneroad       | PURPLE PEN PINEAPPLE | 901231      | M      | USA     |
| 134211 | MrBLUEFRIEND | 29  | #771HAPPYREIGN          | STRANGE ORANGE LAND  | 781431      | M      | USA     |
| 131231 |              | 29  | #771HAPPYREIGN          | STRANGE ALIEN AREA   | 78411       | M      | USA     |
+--------+--------------+-----+-------------------------+----------------------+-------------+--------+---------+
9 rows in set (0.00 sec)

mysql> insert into customers values("131231",NULL,"29", "#771HAPPYREIGN", "STRANGE ALIEN AREA", "78411", "M", "USA");
ERROR 1048 (23000): Column 'cname' cannot be null
mysql> insert into customers values("8911","MYOLDFRIEND","99", "#771NEGRO AROYA LANE", "BAY HARBOR", "78411", "F", "INDIA");
Query OK, 1 row affected (0.00 sec)

mysql> SELECT * FROM customers;
+--------+--------------+-----+-------------------------+----------------------+-------------+--------+---------+
| CID    | cname        | age | address                 | city                 | postal_code | gender | country |
+--------+--------------+-----+-------------------------+----------------------+-------------+--------+---------+
|    123 | Mr123PQ      | 34  | 12blahblahroad          | BANANA LAND          | 134413      | M      | family  |
|   1123 | Mr124PR      | 314 | #14blahroad             | APPLE LAND           | 1313        | M      | INDIA   |
|    112 | Ms098X       | 28  | #190blahblueroad        | GREEN APPLE LAND     | 180812      | F      | INDIA   |
|   3213 | Mrs0921Y     | 45  | #901blahgreenblueroad   | GREEN PINEAPPLE LAND | 180901      | F      | INDIA   |
|   9213 | Mrs159R      | 45  | #901yellowgreenblueroad | GREEN PEN PINEAPPLE  | 890911      | F      | INDIA   |
|   7812 | Mr15G        | 32  | #901yellowgreenblueroad | GREEN PEN PINEAPPLE  | 102312      | M      | INDIA   |
|   9011 | Mr12342S     | 20  | #891thirdlaneroad       | PURPLE PEN PINEAPPLE | 901231      | M      | USA     |
| 134211 | MrBLUEFRIEND | 29  | #771HAPPYREIGN          | STRANGE ORANGE LAND  | 781431      | M      | USA     |
| 131231 |              | 29  | #771HAPPYREIGN          | STRANGE ALIEN AREA   | 78411       | M      | USA     |
|   8911 | MYOLDFRIEND  | 99  | #771NEGRO AROYA LANE    | BAY HARBOR           | 78411       | F      | INDIA   |
+--------+--------------+-----+-------------------------+----------------------+-------------+--------+---------+
10 rows in set (0.00 sec)

mysql> alter table customers 
    -> add check (age<400);
Query OK, 0 rows affected (0.05 sec)
Records: 0  Duplicates: 0  Warnings: 0

mysql> insert into customers values("89121","MYOLDFRIEND2","500", "#7711NEGRO AROYA LANE", "BAY HARBOR", "78411", "F", "INDIA");
Query OK, 1 row affected (0.00 sec)

mysql> SELECT * FROM customers;
+--------+--------------+-----+-------------------------+----------------------+-------------+--------+---------+
| CID    | cname        | age | address                 | city                 | postal_code | gender | country |
+--------+--------------+-----+-------------------------+----------------------+-------------+--------+---------+
|    123 | Mr123PQ      | 34  | 12blahblahroad          | BANANA LAND          | 134413      | M      | family  |
|   1123 | Mr124PR      | 314 | #14blahroad             | APPLE LAND           | 1313        | M      | INDIA   |
|    112 | Ms098X       | 28  | #190blahblueroad        | GREEN APPLE LAND     | 180812      | F      | INDIA   |
|   3213 | Mrs0921Y     | 45  | #901blahgreenblueroad   | GREEN PINEAPPLE LAND | 180901      | F      | INDIA   |
|   9213 | Mrs159R      | 45  | #901yellowgreenblueroad | GREEN PEN PINEAPPLE  | 890911      | F      | INDIA   |
|   7812 | Mr15G        | 32  | #901yellowgreenblueroad | GREEN PEN PINEAPPLE  | 102312      | M      | INDIA   |
|   9011 | Mr12342S     | 20  | #891thirdlaneroad       | PURPLE PEN PINEAPPLE | 901231      | M      | USA     |
| 134211 | MrBLUEFRIEND | 29  | #771HAPPYREIGN          | STRANGE ORANGE LAND  | 781431      | M      | USA     |
| 131231 |              | 29  | #771HAPPYREIGN          | STRANGE ALIEN AREA   | 78411       | M      | USA     |
|   8911 | MYOLDFRIEND  | 99  | #771NEGRO AROYA LANE    | BAY HARBOR           | 78411       | F      | INDIA   |
|  89121 | MYOLDFRIEND2 | 500 | #7711NEGRO AROYA LANE   | BAY HARBOR           | 78411       | F      | INDIA   |
+--------+--------------+-----+-------------------------+----------------------+-------------+--------+---------+
11 rows in set (0.00 sec)

mysql> select * from customers where( city = "BANANA LAND");
+-----+---------+-----+----------------+-------------+-------------+--------+---------+
| CID | cname   | age | address        | city        | postal_code | gender | country |
+-----+---------+-----+----------------+-------------+-------------+--------+---------+
| 123 | Mr123PQ | 34  | 12blahblahroad | BANANA LAND | 134413      | M      | family  |
+-----+---------+-----+----------------+-------------+-------------+--------+---------+
1 row in set (0.00 sec)

mysql> select * from customers where( city = "BANANA LAND" || city = " APPLE LAND" );
+-----+---------+-----+----------------+-------------+-------------+--------+---------+
| CID | cname   | age | address        | city        | postal_code | gender | country |
+-----+---------+-----+----------------+-------------+-------------+--------+---------+
| 123 | Mr123PQ | 34  | 12blahblahroad | BANANA LAND | 134413      | M      | family  |
+-----+---------+-----+----------------+-------------+-------------+--------+---------+
1 row in set (0.00 sec)

mysql> select * from customers where( city = "BANANA LAND" || city = "APPLE LAND" );
+------+---------+-----+----------------+-------------+-------------+--------+---------+
| CID  | cname   | age | address        | city        | postal_code | gender | country |
+------+---------+-----+----------------+-------------+-------------+--------+---------+
|  123 | Mr123PQ | 34  | 12blahblahroad | BANANA LAND | 134413      | M      | family  |
| 1123 | Mr124PR | 314 | #14blahroad    | APPLE LAND  | 1313        | M      | INDIA   |
+------+---------+-----+----------------+-------------+-------------+--------+---------+
2 rows in set (0.00 sec)

mysql> select * from customers where( (city = "BANANA LAND" || city = "APPLE LAND") && country ="USA" );
Empty set (0.00 sec)

mysql> select * from customers where( (city = "BANANA LAND" || city = "APPLE LAND") && country ="INDIA" );
+------+---------+-----+-------------+------------+-------------+--------+---------+
| CID  | cname   | age | address     | city       | postal_code | gender | country |
+------+---------+-----+-------------+------------+-------------+--------+---------+
| 1123 | Mr124PR | 314 | #14blahroad | APPLE LAND | 1313        | M      | INDIA   |
+------+---------+-----+-------------+------------+-------------+--------+---------+
1 row in set (0.00 sec)

mysql> select CID, cname  from customers where( (city = "BANANA LAND" || city = "APPLE LAND") && country ="INDIA" );
+------+---------+
| CID  | cname   |
+------+---------+
| 1123 | Mr124PR |
+------+---------+
1 row in set (0.00 sec)

mysql> select CID, cname  from customers where(address = "#771HAPPYREIGN");
+--------+--------------+
| CID    | cname        |
+--------+--------------+
| 134211 | MrBLUEFRIEND |
| 131231 |              |
+--------+--------------+
2 rows in set (0.00 sec)

mysql> delimiter
ERROR: 
DELIMITER must be followed by a 'delimiter' character or string
mysql> delimiter#
    -> ^CCtrl-C -- exit!
Aborted
co16145@ubuntu:~$ mysql -u 16co145 -p
Enter password: 
Welcome to the MySQL monitor.  Commands end with ; or \g.
Your MySQL connection id is 4018
Server version: 5.1.73-0ubuntu0.10.04.1 (Ubuntu)

Copyright (c) 2000, 2013, Oracle and/or its affiliates. All rights reserved.

Oracle is a registered trademark of Oracle Corporation and/or its
affiliates. Other names may be trademarks of their respective
owners.

Type 'help;' or '\h' for help. Type '\c' to clear the current input statement.

mysql> use 16co145
Reading table information for completion of table and column names
You can turn off this feature to get a quicker startup with -A

Database changed
mysql> select * from  customer
    -> ;
ERROR 1146 (42S02): Table '16co145.customer' doesn't exist
mysql> select * from  customers;
+--------+--------------+-----+-------------------------+----------------------+-------------+--------+---------+
| CID    | cname        | age | address                 | city                 | postal_code | gender | country |
+--------+--------------+-----+-------------------------+----------------------+-------------+--------+---------+
|    123 | Mr123PQ      | 34  | 12blahblahroad          | BANANA LAND          | 134413      | M      | family  |
|   1123 | Mr124PR      | 314 | #14blahroad             | APPLE LAND           | 1313        | M      | INDIA   |
|    112 | Ms098X       | 28  | #190blahblueroad        | GREEN APPLE LAND     | 180812      | F      | INDIA   |
|   3213 | Mrs0921Y     | 45  | #901blahgreenblueroad   | GREEN PINEAPPLE LAND | 180901      | F      | INDIA   |
|   9213 | Mrs159R      | 45  | #901yellowgreenblueroad | GREEN PEN PINEAPPLE  | 890911      | F      | INDIA   |
|   7812 | Mr15G        | 32  | #901yellowgreenblueroad | GREEN PEN PINEAPPLE  | 102312      | M      | INDIA   |
|   9011 | Mr12342S     | 20  | #891thirdlaneroad       | PURPLE PEN PINEAPPLE | 901231      | M      | USA     |
| 134211 | MrBLUEFRIEND | 29  | #771HAPPYREIGN          | STRANGE ORANGE LAND  | 781431      | M      | USA     |
| 131231 |              | 29  | #771HAPPYREIGN          | STRANGE ALIEN AREA   | 78411       | M      | USA     |
|   8911 | MYOLDFRIEND  | 99  | #771NEGRO AROYA LANE    | BAY HARBOR           | 78411       | F      | INDIA   |
|  89121 | MYOLDFRIEND2 | 500 | #7711NEGRO AROYA LANE   | BAY HARBOR           | 78411       | F      | INDIA   |
+--------+--------------+-----+-------------------------+----------------------+-------------+--------+---------+
11 rows in set (0.00 sec)

mysql> delemiter #
    -> create procedure count()
    -> begin
    -> declare c default 0;
ERROR 1064 (42000): You have an error in your SQL syntax; check the manual that corresponds to your MySQL server version for the right syntax to use near 'delemiter 
create procedure count()
begin
declare c default 0' at line 1
mysql> delimiter #
mysql> create procedure count()
    -> begin
    -> declare c default 0;
    -> start transaction;
    -> where(gender = "F") c = c+1;
    -> commit'
    '> ;
    '> end #
    '> delimiter;
    '> 
    '> 
    '> ;
    '> '
    -> ;
    -> ;
    -> ;
    -> 
    -> 
    -> 
    -> 
    -> end #
ERROR 1064 (42000): You have an error in your SQL syntax; check the manual that corresponds to your MySQL server version for the right syntax to use near 'count()
begin
declare c default 0;
start transaction;
where(gender = "F") c = c+' at line 1
mysql> create procedure count() begin declare c default 0; start transaction; where(gender = "F") c = c+1; commit;
end #
delimiter;
ERROR 1064 (42000): You have an error in your SQL syntax; check the manual that corresponds to your MySQL server version for the right syntax to use near 'count() begin declare c default 0; start transaction; where(gender = "F") c = c+' at line 1
    -> ;
    -> 
    -> 
    -> 
    -> ;
    -> 
    -> ;;
    -> ;
    -> end #
ERROR 1064 (42000): You have an error in your SQL syntax; check the manual that corresponds to your MySQL server version for the right syntax to use near 'delimiter;;



;

;;
;
end' at line 1
mysql> delimiter #; create procedure count() begin declare c default 0; start transaction; where(gender = "F") c = c+1; commit; end # delimiter;
mysql> c
    -> ;
    -> c;
    -> ;
    -> 
    -> 
    -> 
    -> end #;
ERROR 1064 (42000): You have an error in your SQL syntax; check the manual that corresponds to your MySQL server version for the right syntax to use near 'c
;
c;
;



end' at line 1
mysql> delimiter #; create procedure count() begin declare c int default 0; start transaction; where(gender = "F") c = c+1; commit; end # delimiter;
mysql> call count();
    -> ;
    -> ;
    -> end #
    -> ;
    -> end#
    -> ;
    -> end#;
ERROR 1064 (42000): You have an error in your SQL syntax; check the manual that corresponds to your MySQL server version for the right syntax to use near 'count();
;
;
end 
;
end
;
end' at line 1
mysql> delimiter # create procedure count() begin declare c int default 0; start transaction; select *from customers where(gender = "F") c = c+1; commit; end # 
mysql> count();
    -> end #;
ERROR 1064 (42000): You have an error in your SQL syntax; check the manual that corresponds to your MySQL server version for the right syntax to use near 'count();
end' at line 1
    -> delimiter # create procedure count() begin declare c int default 0; start transaction; select * from customers where(gender = "F") c = c+1; commit; end # 
ERROR 1064 (42000): You have an error in your SQL syntax; check the manual that corresponds to your MySQL server version for the right syntax to use near ';
delimiter' at line 1
ERROR 1064 (42000): You have an error in your SQL syntax; check the manual that corresponds to your MySQL server version for the right syntax to use near 'count() begin declare c int default 0; start transaction; select * from customer' at line 1
mysql> delimiter # create procedure count() begin declare c int default 0; start transaction; select * from customers where(gender = "F") SET c = c+1; commit; end # 
mysql> count();
    -> end#;
ERROR 1064 (42000): You have an error in your SQL syntax; check the manual that corresponds to your MySQL server version for the right syntax to use near 'count();
end' at line 1
    -> ;
    -> end #;
ERROR 1064 (42000): You have an error in your SQL syntax; check the manual that corresponds to your MySQL server version for the right syntax to use near ';
;
end' at line 1
    -> ;
    -> ;
    -> ;
    -> ;
    -> ;
    -> ;
    -> ;
    -> end #
ERROR 1064 (42000): You have an error in your SQL syntax; check the manual that corresponds to your MySQL server version for the right syntax to use near ';
;
;
;
;
;
;
;
end' at line 1
mysql> select * from customers count(gender = "F");
    -> ;
    -> end #
ERROR 1064 (42000): You have an error in your SQL syntax; check the manual that corresponds to your MySQL server version for the right syntax to use near 'count(gender = "F");
;
end' at line 1
mysql> select * from customers count(gender = "F"); ; end#
ERROR 1064 (42000): You have an error in your SQL syntax; check the manual that corresponds to your MySQL server version for the right syntax to use near 'count(gender = "F"); ; end' at line 1
mysql> select * from customers count(gender = "F"); 
    -> end #
ERROR 1064 (42000): You have an error in your SQL syntax; check the manual that corresponds to your MySQL server version for the right syntax to use near 'count(gender = "F"); 
end' at line 1
mysql> delimiter
ERROR: 
DELIMITER must be followed by a 'delimiter' character or string
mysql> delimiter;
    -> ;
    -> end
    -> end #
ERROR 1064 (42000): You have an error in your SQL syntax; check the manual that corresponds to your MySQL server version for the right syntax to use near 'delimiter;;
end
end' at line 1
mysql> ^CCtrl-C -- exit!
Aborted
co16145@ubuntu:~$ clss
clss: command not found
co16145@ubuntu:~$ clear

co16145@ubuntu:~$ mysql -u 16co145 -p
Enter password: 
Welcome to the MySQL monitor.  Commands end with ; or \g.
Your MySQL connection id is 4035
Server version: 5.1.73-0ubuntu0.10.04.1 (Ubuntu)

Copyright (c) 2000, 2013, Oracle and/or its affiliates. All rights reserved.

Oracle is a registered trademark of Oracle Corporation and/or its
affiliates. Other names may be trademarks of their respective
owners.

Type 'help;' or '\h' for help. Type '\c' to clear the current input statement.

mysql> use 16co145
Reading table information for completion of table and column names
You can turn off this feature to get a quicker startup with -A

Database changed
mysql> select * from customers
    -> ;
+--------+--------------+-----+-------------------------+----------------------+-------------+--------+---------+
| CID    | cname        | age | address                 | city                 | postal_code | gender | country |
+--------+--------------+-----+-------------------------+----------------------+-------------+--------+---------+
|    123 | Mr123PQ      | 34  | 12blahblahroad          | BANANA LAND          | 134413      | M      | family  |
|   1123 | Mr124PR      | 314 | #14blahroad             | APPLE LAND           | 1313        | M      | INDIA   |
|    112 | Ms098X       | 28  | #190blahblueroad        | GREEN APPLE LAND     | 180812      | F      | INDIA   |
|   3213 | Mrs0921Y     | 45  | #901blahgreenblueroad   | GREEN PINEAPPLE LAND | 180901      | F      | INDIA   |
|   9213 | Mrs159R      | 45  | #901yellowgreenblueroad | GREEN PEN PINEAPPLE  | 890911      | F      | INDIA   |
|   7812 | Mr15G        | 32  | #901yellowgreenblueroad | GREEN PEN PINEAPPLE  | 102312      | M      | INDIA   |
|   9011 | Mr12342S     | 20  | #891thirdlaneroad       | PURPLE PEN PINEAPPLE | 901231      | M      | USA     |
| 134211 | MrBLUEFRIEND | 29  | #771HAPPYREIGN          | STRANGE ORANGE LAND  | 781431      | M      | USA     |
| 131231 |              | 29  | #771HAPPYREIGN          | STRANGE ALIEN AREA   | 78411       | M      | USA     |
|   8911 | MYOLDFRIEND  | 99  | #771NEGRO AROYA LANE    | BAY HARBOR           | 78411       | F      | INDIA   |
|  89121 | MYOLDFRIEND2 | 500 | #7711NEGRO AROYA LANE   | BAY HARBOR           | 78411       | F      | INDIA   |
+--------+--------------+-----+-------------------------+----------------------+-------------+--------+---------+
11 rows in set (0.00 sec)

mysql> select count(*);
+----------+
| count(*) |
+----------+
|        1 |
+----------+
1 row in set (0.00 sec)

mysql> select count(*) from age;
ERROR 1146 (42S02): Table '16co145.age' doesn't exist
mysql> select count(*) from customers;
+----------+
| count(*) |
+----------+
|       11 |
+----------+
1 row in set (0.00 sec)

mysql> select count(*) from customers where gender="F";
+----------+
| count(*) |
+----------+
|        5 |
+----------+
1 row in set (0.00 sec)

mysql> select * from customers where ROWNUM<3;
ERROR 1054 (42S22): Unknown column 'ROWNUM' in 'where clause'
mysql> select * from customers where (ROWNUM<3);
ERROR 1054 (42S22): Unknown column 'ROWNUM' in 'where clause'
mysql> SET @ row_num =0;
ERROR 1064 (42000): You have an error in your SQL syntax; check the manual that corresponds to your MySQL server version for the right syntax to use near 'row_num =0' at line 1
mysql> SET @row_num =0;
Query OK, 0 rows affected (0.00 sec)

mysql> select (@row_num = @row_num + 1) as num 
    -> from customers
    -> limit 20;
+------+
| num  |
+------+
|    0 |
|    0 |
|    0 |
|    0 |
|    0 |
|    0 |
|    0 |
|    0 |
|    0 |
|    0 |
|    0 |
+------+
11 rows in set (0.00 sec)

mysql> select (@row_num = @row_num + 1) as num, CID  from customers limit 20;
+------+--------+
| num  | CID    |
+------+--------+
|    0 |    112 |
|    0 |    123 |
|    0 |   1123 |
|    0 |   3213 |
|    0 |   7812 |
|    0 |   8911 |
|    0 |   9011 |
|    0 |   9213 |
|    0 |  89121 |
|    0 | 131231 |
|    0 | 134211 |
+------+--------+
11 rows in set (0.00 sec)

mysql> select (@row_num := @row_num + 1) as num, CID  from customers limit 20;
+------+--------+
| num  | CID    |
+------+--------+
|    1 |    112 |
|    2 |    123 |
|    3 |   1123 |
|    4 |   3213 |
|    5 |   7812 |
|    6 |   8911 |
|    7 |   9011 |
|    8 |   9213 |
|    9 |  89121 |
|   10 | 131231 |
|   11 | 134211 |
+------+--------+
11 rows in set (0.00 sec)

mysql> select * from customers
    -> ;
+--------+--------------+-----+-------------------------+----------------------+-------------+--------+---------+
| CID    | cname        | age | address                 | city                 | postal_code | gender | country |
+--------+--------------+-----+-------------------------+----------------------+-------------+--------+---------+
|    123 | Mr123PQ      | 34  | 12blahblahroad          | BANANA LAND          | 134413      | M      | family  |
|   1123 | Mr124PR      | 314 | #14blahroad             | APPLE LAND           | 1313        | M      | INDIA   |
|    112 | Ms098X       | 28  | #190blahblueroad        | GREEN APPLE LAND     | 180812      | F      | INDIA   |
|   3213 | Mrs0921Y     | 45  | #901blahgreenblueroad   | GREEN PINEAPPLE LAND | 180901      | F      | INDIA   |
|   9213 | Mrs159R      | 45  | #901yellowgreenblueroad | GREEN PEN PINEAPPLE  | 890911      | F      | INDIA   |
|   7812 | Mr15G        | 32  | #901yellowgreenblueroad | GREEN PEN PINEAPPLE  | 102312      | M      | INDIA   |
|   9011 | Mr12342S     | 20  | #891thirdlaneroad       | PURPLE PEN PINEAPPLE | 901231      | M      | USA     |
| 134211 | MrBLUEFRIEND | 29  | #771HAPPYREIGN          | STRANGE ORANGE LAND  | 781431      | M      | USA     |
| 131231 |              | 29  | #771HAPPYREIGN          | STRANGE ALIEN AREA   | 78411       | M      | USA     |
|   8911 | MYOLDFRIEND  | 99  | #771NEGRO AROYA LANE    | BAY HARBOR           | 78411       | F      | INDIA   |
|  89121 | MYOLDFRIEND2 | 500 | #7711NEGRO AROYA LANE   | BAY HARBOR           | 78411       | F      | INDIA   |
+--------+--------------+-----+-------------------------+----------------------+-------------+--------+---------+
11 rows in set (0.00 sec)

mysql> select (@row_num := @row_num + 1) as num, CID  from customers limit 3;
+------+------+
| num  | CID  |
+------+------+
|   12 |  112 |
|   13 |  123 |
|   14 | 1123 |
+------+------+
3 rows in set (0.00 sec)

mysql> SET @row_num =0;
Query OK, 0 rows affected (0.00 sec)

mysql> select (@row_num := @row_num + 1) as num, CID  from customers limit 3;
+------+------+
| num  | CID  |
+------+------+
|    1 |  112 |
|    2 |  123 |
|    3 | 1123 |
+------+------+
3 rows in set (0.00 sec)

mysql> select cname from customers order by [ASC];
ERROR 1064 (42000): You have an error in your SQL syntax; check the manual that corresponds to your MySQL server version for the right syntax to use near '[ASC]' at line 1
mysql> select cname from customers order by cname [ASC];
ERROR 1064 (42000): You have an error in your SQL syntax; check the manual that corresponds to your MySQL server version for the right syntax to use near '[ASC]' at line 1
mysql> select cname from customers order by cname;
+--------------+
| cname        |
+--------------+
|              |
| Mr12342S     |
| Mr123PQ      |
| Mr124PR      |
| Mr15G        |
| MrBLUEFRIEND |
| Mrs0921Y     |
| Mrs159R      |
| Ms098X       |
| MYOLDFRIEND  |
| MYOLDFRIEND2 |
+--------------+
11 rows in set (0.00 sec)

mysql> select age from customers order by age;
+-----+
| age |
+-----+
| 20  |
| 28  |
| 29  |
| 29  |
| 314 |
| 32  |
| 34  |
| 45  |
| 45  |
| 500 |
| 99  |
+-----+
11 rows in set (0.00 sec)

mysql> select age from customers order by age [ASC];
ERROR 1064 (42000): You have an error in your SQL syntax; check the manual that corresponds to your MySQL server version for the right syntax to use near '[ASC]' at line 1
mysql> select age from customers order by age [ASC|DESC];
ERROR 1064 (42000): You have an error in your SQL syntax; check the manual that corresponds to your MySQL server version for the right syntax to use near '[ASC|DESC]' at line 1
mysql> select age from customers order by age ASC ;
+-----+
| age |
+-----+
| 20  |
| 28  |
| 29  |
| 29  |
| 314 |
| 32  |
| 34  |
| 45  |
| 45  |
| 500 |
| 99  |
+-----+
11 rows in set (0.00 sec)

mysql> select age from customers order by age ASC;
+-----+
| age |
+-----+
| 20  |
| 28  |
| 29  |
| 29  |
| 314 |
| 32  |
| 34  |
| 45  |
| 45  |
| 500 |
| 99  |
+-----+
11 rows in set (0.00 sec)

mysql> select age from customers order by age DESC;
+-----+
| age |
+-----+
| 99  |
| 500 |
| 45  |
| 45  |
| 34  |
| 32  |
| 314 |
| 29  |
| 29  |
| 28  |
| 20  |
+-----+
11 rows in set (0.00 sec)

mysql> desc customers;
+-------------+-------------+------+-----+---------+-------+
| Field       | Type        | Null | Key | Default | Extra |
+-------------+-------------+------+-----+---------+-------+
| CID         | int(10)     | NO   | PRI | 0       |       |
| cname       | varchar(25) | NO   |     | NULL    |       |
| age         | varchar(25) | NO   |     | NULL    |       |
| address     | varchar(25) | NO   |     | NULL    |       |
| city        | varchar(20) | YES  |     | NULL    |       |
| postal_code | varchar(10) | YES  |     | NULL    |       |
| gender      | varchar(2)  | YES  |     | NULL    |       |
| country     | varchar(20) | YES  |     | NULL    |       |
+-------------+-------------+------+-----+---------+-------+
8 rows in set (0.00 sec)

mysql> alter table customers 
    -> modify column age int(10);
Query OK, 11 rows affected (0.03 sec)
Records: 11  Duplicates: 0  Warnings: 0

mysql> select age from customers order by age DESC;
+------+
| age  |
+------+
|  500 |
|  314 |
|   99 |
|   45 |
|   45 |
|   34 |
|   32 |
|   29 |
|   29 |
|   28 |
|   20 |
+------+
11 rows in set (0.00 sec)

mysql> select count(*) from customers where (cname like '%a' || cname like '%h');
+----------+
| count(*) |
+----------+
|        0 |
+----------+
1 row in set (0.00 sec)

mysql> select count(*) from customers where (cname like '%a' || cname like '%Y');
+----------+
| count(*) |
+----------+
|        1 |
+----------+
1 row in set (0.00 sec)

mysql> select * from customers where (cname like '%a' || cname like '%Y');
+------+----------+------+-----------------------+----------------------+-------------+--------+---------+
| CID  | cname    | age  | address               | city                 | postal_code | gender | country |
+------+----------+------+-----------------------+----------------------+-------------+--------+---------+
| 3213 | Mrs0921Y |   45 | #901blahgreenblueroad | GREEN PINEAPPLE LAND | 180901      | F      | INDIA   |
+------+----------+------+-----------------------+----------------------+-------------+--------+---------+
1 row in set (0.00 sec)

mysql> select * from customers where (cname like 'M%' && postal_code = "78411");
+-------+--------------+------+-----------------------+------------+-------------+--------+---------+
| CID   | cname        | age  | address               | city       | postal_code | gender | country |
+-------+--------------+------+-----------------------+------------+-------------+--------+---------+
|  8911 | MYOLDFRIEND  |   99 | #771NEGRO AROYA LANE  | BAY HARBOR | 78411       | F      | INDIA   |
| 89121 | MYOLDFRIEND2 |  500 | #7711NEGRO AROYA LANE | BAY HARBOR | 78411       | F      | INDIA   |
+-------+--------------+------+-----------------------+------------+-------------+--------+---------+
2 rows in set (0.00 sec)

mysql> select * from customers where (cname like 'm%' && postal_code = "78411");
+-------+--------------+------+-----------------------+------------+-------------+--------+---------+
| CID   | cname        | age  | address               | city       | postal_code | gender | country |
+-------+--------------+------+-----------------------+------------+-------------+--------+---------+
|  8911 | MYOLDFRIEND  |   99 | #771NEGRO AROYA LANE  | BAY HARBOR | 78411       | F      | INDIA   |
| 89121 | MYOLDFRIEND2 |  500 | #7711NEGRO AROYA LANE | BAY HARBOR | 78411       | F      | INDIA   |
+-------+--------------+------+-----------------------+------------+-------------+--------+---------+
2 rows in set (0.00 sec)

mysql> select * from customers where (country = "INDIA");
+-------+--------------+------+-------------------------+----------------------+-------------+--------+---------+
| CID   | cname        | age  | address                 | city                 | postal_code | gender | country |
+-------+--------------+------+-------------------------+----------------------+-------------+--------+---------+
|  1123 | Mr124PR      |  314 | #14blahroad             | APPLE LAND           | 1313        | M      | INDIA   |
|   112 | Ms098X       |   28 | #190blahblueroad        | GREEN APPLE LAND     | 180812      | F      | INDIA   |
|  3213 | Mrs0921Y     |   45 | #901blahgreenblueroad   | GREEN PINEAPPLE LAND | 180901      | F      | INDIA   |
|  9213 | Mrs159R      |   45 | #901yellowgreenblueroad | GREEN PEN PINEAPPLE  | 890911      | F      | INDIA   |
|  7812 | Mr15G        |   32 | #901yellowgreenblueroad | GREEN PEN PINEAPPLE  | 102312      | M      | INDIA   |
|  8911 | MYOLDFRIEND  |   99 | #771NEGRO AROYA LANE    | BAY HARBOR           | 78411       | F      | INDIA   |
| 89121 | MYOLDFRIEND2 |  500 | #7711NEGRO AROYA LANE   | BAY HARBOR           | 78411       | F      | INDIA   |
+-------+--------------+------+-------------------------+----------------------+-------------+--------+---------+
7 rows in set (0.00 sec)

mysql> ^CCtrl-C -- exit!
Aborted
co16145@ubuntu:~$ 

